[debug] [2025-04-10T21:19:46.184Z] ----------------------------------------------------------------------
[debug] [2025-04-10T21:19:46.187Z] Command:       C:\Program Files\nodejs\node.exe C:\Users\PC\AppData\Roaming\npm\node_modules\firebase-tools\lib\bin\firebase.js projects:list
[debug] [2025-04-10T21:19:46.187Z] CLI Version:   14.1.0
[debug] [2025-04-10T21:19:46.187Z] Platform:      win32
[debug] [2025-04-10T21:19:46.187Z] Node Version:  v20.13.0
[debug] [2025-04-10T21:19:46.187Z] Time:          Thu Apr 10 2025 18:19:46 GMT-0300 (hora estándar de Argentina)
[debug] [2025-04-10T21:19:46.187Z] ----------------------------------------------------------------------
[debug] 
[debug] [2025-04-10T21:19:46.389Z] > command requires scopes: ["email","openid","https://www.googleapis.com/auth/cloudplatformprojects.readonly","https://www.googleapis.com/auth/firebase","https://www.googleapis.com/auth/cloud-platform"]
[debug] [2025-04-10T21:19:46.390Z] > authorizing via signed-in user (ifranm962@gmail.com)
[debug] [2025-04-10T21:19:46.394Z] Checked if tokens are valid: false, expires at: 1695904015188
[debug] [2025-04-10T21:19:46.394Z] Checked if tokens are valid: false, expires at: 1695904015188
[debug] [2025-04-10T21:19:46.395Z] > refreshing access token with scopes: []
[debug] [2025-04-10T21:19:46.396Z] >>> [apiv2][query] POST https://www.googleapis.com/oauth2/v3/token [none]
[debug] [2025-04-10T21:19:46.396Z] >>> [apiv2][body] POST https://www.googleapis.com/oauth2/v3/token [omitted]
[debug] [2025-04-10T21:19:46.603Z] <<< [apiv2][status] POST https://www.googleapis.com/oauth2/v3/token 400
[debug] [2025-04-10T21:19:46.603Z] <<< [apiv2][body] POST https://www.googleapis.com/oauth2/v3/token [omitted]
[debug] [2025-04-10T21:19:46.603Z] >>> [apiv2][query] GET https://firebase.googleapis.com/v1beta1/projects pageSize=1000
[debug] [2025-04-10T21:19:46.787Z] <<< [apiv2][status] GET https://firebase.googleapis.com/v1beta1/projects 401
[debug] [2025-04-10T21:19:46.787Z] <<< [apiv2][body] GET https://firebase.googleapis.com/v1beta1/projects [omitted]
[debug] [2025-04-10T21:19:46.787Z] Got a 401 Unauthenticated error for a call that required authentication. Refreshing tokens.
[debug] [2025-04-10T21:19:46.788Z] Checked if tokens are valid: false, expires at: 1695904015188
[debug] [2025-04-10T21:19:46.788Z] Checked if tokens are valid: false, expires at: 1695904015188
[debug] [2025-04-10T21:19:46.788Z] > refreshing access token with scopes: []
[debug] [2025-04-10T21:19:46.788Z] >>> [apiv2][query] POST https://www.googleapis.com/oauth2/v3/token [none]
[debug] [2025-04-10T21:19:46.788Z] >>> [apiv2][body] POST https://www.googleapis.com/oauth2/v3/token [omitted]
[debug] [2025-04-10T21:19:46.858Z] <<< [apiv2][status] POST https://www.googleapis.com/oauth2/v3/token 400
[debug] [2025-04-10T21:19:46.859Z] <<< [apiv2][body] POST https://www.googleapis.com/oauth2/v3/token [omitted]
[debug] [2025-04-10T21:19:46.859Z] Request to https://firebase.googleapis.com/v1beta1/projects?pageSize=1000 had HTTP Error: 401, Request had invalid authentication credentials. Expected OAuth 2 access token, login cookie or other valid authentication credential. See https://developers.google.com/identity/sign-in/web/devconsole-project.
[debug] [2025-04-10T21:19:47.006Z] FirebaseError: Request to https://firebase.googleapis.com/v1beta1/projects?pageSize=1000 had HTTP Error: 401, Request had invalid authentication credentials. Expected OAuth 2 access token, login cookie or other valid authentication credential. See https://developers.google.com/identity/sign-in/web/devconsole-project.
    at responseToError (C:\Users\PC\AppData\Roaming\npm\node_modules\firebase-tools\lib\responseToError.js:52:12)
    at RetryOperation._fn (C:\Users\PC\AppData\Roaming\npm\node_modules\firebase-tools\lib\apiv2.js:312:77)
    at process.processTicksAndRejections (node:internal/process/task_queues:95:5)
[error] 
[error] Error: Failed to list Firebase projects. See firebase-debug.log for more info.
